mode: set
github.com/luigizuccarelli/custom-openshiftpayload-cicd/pkg/service/helpers.go:44.49,50.39 6 1
github.com/luigizuccarelli/custom-openshiftpayload-cicd/pkg/service/helpers.go:66.2,66.10 1 1
github.com/luigizuccarelli/custom-openshiftpayload-cicd/pkg/service/helpers.go:50.39,56.34 6 1
github.com/luigizuccarelli/custom-openshiftpayload-cicd/pkg/service/helpers.go:59.3,59.31 1 1
github.com/luigizuccarelli/custom-openshiftpayload-cicd/pkg/service/helpers.go:62.3,64.41 3 1
github.com/luigizuccarelli/custom-openshiftpayload-cicd/pkg/service/helpers.go:56.34,58.4 1 1
github.com/luigizuccarelli/custom-openshiftpayload-cicd/pkg/service/helpers.go:59.31,61.4 1 1
github.com/luigizuccarelli/custom-openshiftpayload-cicd/pkg/service/helpers.go:69.59,70.35 1 1
github.com/luigizuccarelli/custom-openshiftpayload-cicd/pkg/service/helpers.go:70.35,72.3 1 1
github.com/luigizuccarelli/custom-openshiftpayload-cicd/pkg/service/helpers.go:75.65,76.39 1 1
github.com/luigizuccarelli/custom-openshiftpayload-cicd/pkg/service/helpers.go:76.39,77.33 1 1
github.com/luigizuccarelli/custom-openshiftpayload-cicd/pkg/service/helpers.go:82.3,82.52 1 1
github.com/luigizuccarelli/custom-openshiftpayload-cicd/pkg/service/helpers.go:77.33,78.42 1 1
github.com/luigizuccarelli/custom-openshiftpayload-cicd/pkg/service/helpers.go:78.42,80.5 1 1
github.com/luigizuccarelli/custom-openshiftpayload-cicd/pkg/service/helpers.go:82.52,84.4 1 0
github.com/luigizuccarelli/custom-openshiftpayload-cicd/pkg/service/helpers.go:88.70,90.41 2 1
github.com/luigizuccarelli/custom-openshiftpayload-cicd/pkg/service/helpers.go:93.2,93.17 1 1
github.com/luigizuccarelli/custom-openshiftpayload-cicd/pkg/service/helpers.go:90.41,92.3 1 1
github.com/luigizuccarelli/custom-openshiftpayload-cicd/pkg/service/helpers.go:96.73,97.29 1 1
github.com/luigizuccarelli/custom-openshiftpayload-cicd/pkg/service/helpers.go:102.2,102.22 1 0
github.com/luigizuccarelli/custom-openshiftpayload-cicd/pkg/service/helpers.go:97.29,98.38 1 1
github.com/luigizuccarelli/custom-openshiftpayload-cicd/pkg/service/helpers.go:98.38,100.4 1 1
github.com/luigizuccarelli/custom-openshiftpayload-cicd/pkg/service/helpers.go:105.74,107.26 2 1
github.com/luigizuccarelli/custom-openshiftpayload-cicd/pkg/service/helpers.go:115.2,115.19 1 1
github.com/luigizuccarelli/custom-openshiftpayload-cicd/pkg/service/helpers.go:107.26,110.23 3 1
github.com/luigizuccarelli/custom-openshiftpayload-cicd/pkg/service/helpers.go:113.3,113.27 1 1
github.com/luigizuccarelli/custom-openshiftpayload-cicd/pkg/service/helpers.go:110.23,112.4 1 0
github.com/luigizuccarelli/custom-openshiftpayload-cicd/pkg/service/helpers.go:118.80,123.26 4 1
github.com/luigizuccarelli/custom-openshiftpayload-cicd/pkg/service/helpers.go:131.2,131.22 1 1
github.com/luigizuccarelli/custom-openshiftpayload-cicd/pkg/service/helpers.go:123.26,126.24 3 1
github.com/luigizuccarelli/custom-openshiftpayload-cicd/pkg/service/helpers.go:129.3,129.34 1 1
github.com/luigizuccarelli/custom-openshiftpayload-cicd/pkg/service/helpers.go:126.24,128.4 1 0
github.com/luigizuccarelli/custom-openshiftpayload-cicd/pkg/service/helpers.go:135.68,138.16 3 1
github.com/luigizuccarelli/custom-openshiftpayload-cicd/pkg/service/helpers.go:141.2,141.26 1 1
github.com/luigizuccarelli/custom-openshiftpayload-cicd/pkg/service/helpers.go:154.2,154.17 1 1
github.com/luigizuccarelli/custom-openshiftpayload-cicd/pkg/service/helpers.go:138.16,140.3 1 0
github.com/luigizuccarelli/custom-openshiftpayload-cicd/pkg/service/helpers.go:141.26,142.17 1 1
github.com/luigizuccarelli/custom-openshiftpayload-cicd/pkg/service/helpers.go:142.17,145.24 3 1
github.com/luigizuccarelli/custom-openshiftpayload-cicd/pkg/service/helpers.go:149.4,149.30 1 1
github.com/luigizuccarelli/custom-openshiftpayload-cicd/pkg/service/helpers.go:145.24,147.5 1 0
github.com/luigizuccarelli/custom-openshiftpayload-cicd/pkg/service/helpers.go:149.30,151.5 1 1
github.com/luigizuccarelli/custom-openshiftpayload-cicd/pkg/service/helpers.go:157.71,158.25 1 1
github.com/luigizuccarelli/custom-openshiftpayload-cicd/pkg/service/helpers.go:170.2,170.12 1 1
github.com/luigizuccarelli/custom-openshiftpayload-cicd/pkg/service/helpers.go:158.25,166.17 7 1
github.com/luigizuccarelli/custom-openshiftpayload-cicd/pkg/service/helpers.go:166.17,168.4 1 0
github.com/luigizuccarelli/custom-openshiftpayload-cicd/pkg/service/helpers.go:173.76,175.16 2 1
github.com/luigizuccarelli/custom-openshiftpayload-cicd/pkg/service/helpers.go:178.2,179.11 2 1
github.com/luigizuccarelli/custom-openshiftpayload-cicd/pkg/service/helpers.go:216.2,216.23 1 0
github.com/luigizuccarelli/custom-openshiftpayload-cicd/pkg/service/helpers.go:175.16,177.3 1 0
github.com/luigizuccarelli/custom-openshiftpayload-cicd/pkg/service/helpers.go:180.28,183.17 3 1
github.com/luigizuccarelli/custom-openshiftpayload-cicd/pkg/service/helpers.go:186.3,186.17 1 1
github.com/luigizuccarelli/custom-openshiftpayload-cicd/pkg/service/helpers.go:187.24,190.17 3 1
github.com/luigizuccarelli/custom-openshiftpayload-cicd/pkg/service/helpers.go:193.3,193.17 1 1
github.com/luigizuccarelli/custom-openshiftpayload-cicd/pkg/service/helpers.go:194.21,197.17 3 1
github.com/luigizuccarelli/custom-openshiftpayload-cicd/pkg/service/helpers.go:200.3,200.16 1 1
github.com/luigizuccarelli/custom-openshiftpayload-cicd/pkg/service/helpers.go:201.25,204.17 3 1
github.com/luigizuccarelli/custom-openshiftpayload-cicd/pkg/service/helpers.go:207.3,207.16 1 1
github.com/luigizuccarelli/custom-openshiftpayload-cicd/pkg/service/helpers.go:208.30,211.17 3 1
github.com/luigizuccarelli/custom-openshiftpayload-cicd/pkg/service/helpers.go:214.3,214.16 1 1
github.com/luigizuccarelli/custom-openshiftpayload-cicd/pkg/service/helpers.go:183.17,185.4 1 0
github.com/luigizuccarelli/custom-openshiftpayload-cicd/pkg/service/helpers.go:190.17,192.4 1 0
github.com/luigizuccarelli/custom-openshiftpayload-cicd/pkg/service/helpers.go:197.17,199.4 1 0
github.com/luigizuccarelli/custom-openshiftpayload-cicd/pkg/service/helpers.go:204.17,206.4 1 0
github.com/luigizuccarelli/custom-openshiftpayload-cicd/pkg/service/helpers.go:211.17,213.4 1 0
github.com/luigizuccarelli/custom-openshiftpayload-cicd/pkg/service/pipeline.go:13.63,23.23 7 1
github.com/luigizuccarelli/custom-openshiftpayload-cicd/pkg/service/pipeline.go:26.2,29.28 2 1
github.com/luigizuccarelli/custom-openshiftpayload-cicd/pkg/service/pipeline.go:80.2,80.29 1 1
github.com/luigizuccarelli/custom-openshiftpayload-cicd/pkg/service/pipeline.go:96.2,96.12 1 1
github.com/luigizuccarelli/custom-openshiftpayload-cicd/pkg/service/pipeline.go:23.23,25.3 1 0
github.com/luigizuccarelli/custom-openshiftpayload-cicd/pkg/service/pipeline.go:29.28,32.24 3 1
github.com/luigizuccarelli/custom-openshiftpayload-cicd/pkg/service/pipeline.go:35.3,37.10 2 1
github.com/luigizuccarelli/custom-openshiftpayload-cicd/pkg/service/pipeline.go:32.24,34.4 1 0
github.com/luigizuccarelli/custom-openshiftpayload-cicd/pkg/service/pipeline.go:38.41,43.25 3 1
github.com/luigizuccarelli/custom-openshiftpayload-cicd/pkg/service/pipeline.go:46.4,47.35 2 1
github.com/luigizuccarelli/custom-openshiftpayload-cicd/pkg/service/pipeline.go:51.4,53.18 3 1
github.com/luigizuccarelli/custom-openshiftpayload-cicd/pkg/service/pipeline.go:56.4,58.18 3 1
github.com/luigizuccarelli/custom-openshiftpayload-cicd/pkg/service/pipeline.go:61.37,63.18 2 1
github.com/luigizuccarelli/custom-openshiftpayload-cicd/pkg/service/pipeline.go:66.4,66.28 1 1
github.com/luigizuccarelli/custom-openshiftpayload-cicd/pkg/service/pipeline.go:67.40,69.18 2 1
github.com/luigizuccarelli/custom-openshiftpayload-cicd/pkg/service/pipeline.go:72.4,73.20 2 1
github.com/luigizuccarelli/custom-openshiftpayload-cicd/pkg/service/pipeline.go:43.25,45.5 1 0
github.com/luigizuccarelli/custom-openshiftpayload-cicd/pkg/service/pipeline.go:47.35,50.5 2 1
github.com/luigizuccarelli/custom-openshiftpayload-cicd/pkg/service/pipeline.go:53.18,55.5 1 0
github.com/luigizuccarelli/custom-openshiftpayload-cicd/pkg/service/pipeline.go:58.18,60.5 1 0
github.com/luigizuccarelli/custom-openshiftpayload-cicd/pkg/service/pipeline.go:63.18,65.5 1 0
github.com/luigizuccarelli/custom-openshiftpayload-cicd/pkg/service/pipeline.go:69.18,71.5 1 0
github.com/luigizuccarelli/custom-openshiftpayload-cicd/pkg/service/pipeline.go:73.20,75.5 1 0
github.com/luigizuccarelli/custom-openshiftpayload-cicd/pkg/service/pipeline.go:80.29,83.45 3 1
github.com/luigizuccarelli/custom-openshiftpayload-cicd/pkg/service/pipeline.go:86.3,88.43 3 1
github.com/luigizuccarelli/custom-openshiftpayload-cicd/pkg/service/pipeline.go:83.45,85.4 1 0
github.com/luigizuccarelli/custom-openshiftpayload-cicd/pkg/service/pipeline.go:88.43,91.18 3 1
github.com/luigizuccarelli/custom-openshiftpayload-cicd/pkg/service/pipeline.go:91.18,93.5 1 0
github.com/luigizuccarelli/custom-openshiftpayload-cicd/pkg/service/pipeline.go:99.55,101.16 2 1
github.com/luigizuccarelli/custom-openshiftpayload-cicd/pkg/service/pipeline.go:104.2,104.43 1 1
github.com/luigizuccarelli/custom-openshiftpayload-cicd/pkg/service/pipeline.go:101.16,103.3 1 0
